2026-08-06 15:13:45,391 - WARNING - 'mdocean/simulation/modules/OpenFLASH/analysis/sea-lab-utils' is empty.
2026-08-06 15:13:45,396 - INFO - Running stage 'OpenFLASH':
2026-08-06 15:13:45,396 - INFO - > calkit dvc repro
2026-08-06 15:13:48,360 - ERROR - 
Traceback (most recent call last):
  File "/Users/pete/.local/share/uv/tools/calkit-python/lib/python3.12/site-packages/dvc/repo/reproduce.py", line 187, in _reproduce
    ret = repro_fn(stage, upstream=upstream, force=force_stage, **kwargs)
          ^^^^^^^^^^^^^^^^^^^^^^^^^^^^^^^^^^^^^^^^^^^^^^^^^^^^^^^^^^^^^^^
  File "/Users/pete/.local/share/uv/tools/calkit-python/lib/python3.12/site-packages/dvc/repo/reproduce.py", line 117, in _reproduce_stage
    ret = stage.reproduce(**kwargs)
          ^^^^^^^^^^^^^^^^^^^^^^^^^
  File "/Users/pete/.local/share/uv/tools/calkit-python/lib/python3.12/site-packages/funcy/decorators.py", line 47, in wrapper
    return deco(call, *dargs, **dkwargs)
           ^^^^^^^^^^^^^^^^^^^^^^^^^^^^^
  File "/Users/pete/.local/share/uv/tools/calkit-python/lib/python3.12/site-packages/dvc/stage/decorators.py", line 44, in rwlocked
    return call()
           ^^^^^^
  File "/Users/pete/.local/share/uv/tools/calkit-python/lib/python3.12/site-packages/funcy/decorators.py", line 68, in __call__
    return self._func(*self._args, **self._kwargs)
           ^^^^^^^^^^^^^^^^^^^^^^^^^^^^^^^^^^^^^^^
  File "/Users/pete/.local/share/uv/tools/calkit-python/lib/python3.12/site-packages/dvc/stage/__init__.py", line 448, in reproduce
    self.run(**kwargs)
  File "/Users/pete/.local/share/uv/tools/calkit-python/lib/python3.12/site-packages/funcy/decorators.py", line 47, in wrapper
    return deco(call, *dargs, **dkwargs)
           ^^^^^^^^^^^^^^^^^^^^^^^^^^^^^
  File "/Users/pete/.local/share/uv/tools/calkit-python/lib/python3.12/site-packages/dvc/stage/decorators.py", line 44, in rwlocked
    return call()
           ^^^^^^
  File "/Users/pete/.local/share/uv/tools/calkit-python/lib/python3.12/site-packages/funcy/decorators.py", line 68, in __call__
    return self._func(*self._args, **self._kwargs)
           ^^^^^^^^^^^^^^^^^^^^^^^^^^^^^^^^^^^^^^^
  File "/Users/pete/.local/share/uv/tools/calkit-python/lib/python3.12/site-packages/dvc/stage/__init__.py", line 601, in run
    self._run_stage(dry, force, **kwargs)
  File "/Users/pete/.local/share/uv/tools/calkit-python/lib/python3.12/site-packages/funcy/decorators.py", line 47, in wrapper
    return deco(call, *dargs, **dkwargs)
           ^^^^^^^^^^^^^^^^^^^^^^^^^^^^^
  File "/Users/pete/.local/share/uv/tools/calkit-python/lib/python3.12/site-packages/dvc/stage/decorators.py", line 44, in rwlocked
    return call()
           ^^^^^^
  File "/Users/pete/.local/share/uv/tools/calkit-python/lib/python3.12/site-packages/funcy/decorators.py", line 68, in __call__
    return self._func(*self._args, **self._kwargs)
           ^^^^^^^^^^^^^^^^^^^^^^^^^^^^^^^^^^^^^^^
  File "/Users/pete/.local/share/uv/tools/calkit-python/lib/python3.12/site-packages/dvc/stage/__init__.py", line 628, in _run_stage
    return run_stage(self, dry, force, **kwargs)
           ^^^^^^^^^^^^^^^^^^^^^^^^^^^^^^^^^^^^^
  File "/Users/pete/.local/share/uv/tools/calkit-python/lib/python3.12/site-packages/dvc/stage/run.py", line 182, in run_stage
    run(stage, dry=dry, run_env=run_env)
  File "/Users/pete/.local/share/uv/tools/calkit-python/lib/python3.12/site-packages/dvc/stage/decorators.py", line 53, in wrapper
    ret = f(stage, *args, **kwargs)
          ^^^^^^^^^^^^^^^^^^^^^^^^^
  File "/Users/pete/.local/share/uv/tools/calkit-python/lib/python3.12/site-packages/dvc/stage/run.py", line 153, in cmd_run
    _run(executable, cmd, **kwargs)
  File "/Users/pete/.local/share/uv/tools/calkit-python/lib/python3.12/site-packages/dvc/stage/run.py", line 133, in _run
    raise StageCmdFailedError(cmd, p.returncode)
dvc.stage.exceptions.StageCmdFailedError: failed to run: calkit dvc repro, exited with 255

The above exception was the direct cause of the following exception:

Traceback (most recent call last):
  File "/Users/pete/.local/share/uv/tools/calkit-python/lib/python3.12/site-packages/dvc/cli/__init__.py", line 212, in main
    ret = cmd.do_run()
          ^^^^^^^^^^^^
  File "/Users/pete/.local/share/uv/tools/calkit-python/lib/python3.12/site-packages/dvc/cli/command.py", line 30, in do_run
    return self.run()
           ^^^^^^^^^^
  File "/Users/pete/.local/share/uv/tools/calkit-python/lib/python3.12/site-packages/dvc/commands/repro.py", line 11, in run
    stages = self.repo.reproduce(**self._common_kwargs, **self._repro_kwargs)
             ^^^^^^^^^^^^^^^^^^^^^^^^^^^^^^^^^^^^^^^^^^^^^^^^^^^^^^^^^^^^^^^^
  File "/Users/pete/.local/share/uv/tools/calkit-python/lib/python3.12/site-packages/dvc/repo/__init__.py", line 59, in wrapper
    return f(repo, *args, **kwargs)
           ^^^^^^^^^^^^^^^^^^^^^^^^
  File "/Users/pete/.local/share/uv/tools/calkit-python/lib/python3.12/site-packages/dvc/repo/scm_context.py", line 150, in run
    return method(repo, *args, **kw)
           ^^^^^^^^^^^^^^^^^^^^^^^^^
  File "/Users/pete/.local/share/uv/tools/calkit-python/lib/python3.12/site-packages/dvc/repo/reproduce.py", line 248, in reproduce
    return _reproduce(steps, graph=graph, on_error=on_error or "fail", **kwargs)
           ^^^^^^^^^^^^^^^^^^^^^^^^^^^^^^^^^^^^^^^^^^^^^^^^^^^^^^^^^^^^^^^^^^^^^
  File "/Users/pete/.local/share/uv/tools/calkit-python/lib/python3.12/site-packages/dvc/repo/reproduce.py", line 191, in _reproduce
    _raise_error(exc, stage)
  File "/Users/pete/.local/share/uv/tools/calkit-python/lib/python3.12/site-packages/dvc/repo/reproduce.py", line 155, in _raise_error
    raise ReproductionError(f"failed to reproduce{segment} {names}") from exc
dvc.exceptions.ReproductionError: failed to reproduce 'OpenFLASH'
